Assuming unrestricted shared filesystem usage.
host: b6d84d27690e
Building DAG of jobs...
Using shell: /usr/bin/bash
Provided cores: 1 (use --cores to define parallelism)
Rules claiming more threads will be scaled down.
Job stats:
job                     count
--------------------  -------
all                         1
convert_to_uppercase        1
total                       2

Select jobs to execute...
Execute 1 jobs...
[Wed Dec 17 19:55:06 2025]
localrule convert_to_uppercase:
    input: input.txt
    output: processed_output.txt
    jobid: 1
    reason: Missing output files: processed_output.txt
    resources: tmpdir=/tmp
[Wed Dec 17 19:55:06 2025]
Finished jobid: 1 (Rule: convert_to_uppercase)
1 of 2 steps (50%) done
Select jobs to execute...
Execute 1 jobs...
[Wed Dec 17 19:55:06 2025]
localrule all:
    input: processed_output.txt
    jobid: 0
    reason: Input files updated by another job: processed_output.txt
    resources: tmpdir=/tmp
[Wed Dec 17 19:55:06 2025]
Finished jobid: 0 (Rule: all)
2 of 2 steps (100%) done
Complete log(s): /workspace/workflow/.snakemake/log/2025-12-17T195506.815153.snakemake.log
